0	--(8, 10)--> 1	
	
1	--(12, 20)--> 4	--(12, 40)--> 3	
	<--(8,10)-- 0	<--(16,20)-- 2	
2	--(16, 20)--> 1	
	<--(16,20)-- 5	
3	--(12, 40)--> 6	
	<--(12,40)-- 1	
4	--(12, 20)--> 7	
	<--(12,20)-- 1	
5	--(16, 20)--> 2	
	<--(16,20)-- 6	
6	--(16, 20)--> 5	--(8, 10)--> 8	
	<--(12,20)-- 7	<--(12,40)-- 3	
7	--(12, 20)--> 6	
	<--(12,20)-- 4	
8	
	<--(8,10)-- 6	


0	--(8, 1)--> 1	
	
1	--(12, 2)--> 4	--(12, 3)--> 3	
	<--(8,1)-- 0	<--(16,4)-- 2	
2	--(16, 4)--> 1	
	<--(16,7)-- 5	
3	--(12, 5)--> 6	
	<--(12,3)-- 1	
4	--(12, 6)--> 7	
	<--(12,2)-- 1	
5	--(16, 7)--> 2	
	<--(16,8)-- 6	
6	--(16, 8)--> 5	
	<--(12,10)-- 7	<--(12,5)-- 3	
7	--(12, 10)--> 6	
	<--(12,6)-- 4	
8	
	
