0	--(10, 8)--> 1	
	
1	--(20, 12)--> 4	--(40, 12)--> 3	
	<--(10,8)-- 0	<--(20,16)-- 2	
2	--(20, 16)--> 1	
	<--(20,16)-- 5	
3	--(40, 12)--> 6	
	<--(40,12)-- 1	
4	--(20, 12)--> 7	
	<--(20,12)-- 1	
5	--(20, 16)--> 2	
	<--(20,16)-- 6	
6	--(20, 16)--> 5	--(10, 8)--> 8	
	<--(20,12)-- 7	<--(40,12)-- 3	
7	--(20, 12)--> 6	
	<--(20,12)-- 4	
8	
	<--(10,8)-- 6	
