Jeanie is the parent of Debbie  Rick  John  
Debbie is the parent of Amanda  
Rick is the parent of Margaret  
John is the parent of Benjamin  
Amanda has no children
Margaret has no children
Benjamin has no children
