filtered edge set: (A,B) (C,D) (D,B) 
filtered out-edges:
A --> B 
B --> 
C --> D 
D --> B 
E --> 
