William Shatner was in Loaded Weapon 1 (1993) with Denise Richards
Denise Richards was in Wild Things (1998) with Kevin Bacon
Patrick Stewart was in Prince of Egypt, The (1998) with Steve Martin
Steve Martin was in Novocaine (2000) with Kevin Bacon
Gerard Depardieu was in Unhook the Stars (1996) with Clint Howard
Clint Howard was in My Dog Skip (2000) with Kevin Bacon
Sean Astin was in White Water Summer (1987) with Kevin Bacon
Theodore Hesburgh was in Rudy (1993) with Gerry Becker
Gerry Becker was in Sleepers (1996) with Kevin Bacon
Henry Fonda was in Midway (1976) with Robert Wagner
Robert Wagner was in Wild Things (1998) with Kevin Bacon
Mark Hamill was in Slipstream (1989) with Bill Paxton
Bill Paxton was in Apollo 13 (1995) with Kevin Bacon
Harrison Ford was in Random Hearts (1999) with Steve Altes
Steve Altes was in Hollow Man (2000) with Kevin Bacon
Alec Guinness was in Kafka (1991) with Theresa Russell
Theresa Russell was in Wild Things (1998) with Kevin Bacon
Carrie Fisher was in Soapdish (1991) with Elisabeth Shue
Elisabeth Shue was in Hollow Man (2000) with Kevin Bacon
Sean Connery was in Rising Sun (1993) with Peter Crombie
Peter Crombie was in My Dog Skip (2000) with Kevin Bacon
Dana Young was in Bersaglio mobile (1967) with Bebe Drake
Bebe Drake was in Report to the Commissioner (1975) with William Devane
A. Paliakov was in Kutuzov (1944) with Nikolai Brilling
Nikolai Brilling was in Otello (1955) with Kathleen Byron
Kathleen Byron was in Saving Private Ryan (1998) with Tom Hanks
Tom Hanks was in Apollo 13 (1995) with Kevin Bacon
Zoya Barantsevich was in Slesar i kantzler (1923) with Nikolai Panov
Nikolai Panov was in Zhenshchina s kinzhalom (1916) with Zoia Karabanova
Zoia Karabanova was in Song to Remember, A (1945) with William Challee
William Challee was in Irish Whiskey Rebellion (1972) with William Devane
William Devane was in Hollow Man (2000) with Kevin Bacon
P. Biryukov was in Pikovaya dama (1910) with Aleksandr Gromov
Aleksandr Gromov was in Tikhij Don (1930) with Yelena Maksimova
Yelena Maksimova was in Bezottsovshchina (1976) with Lev Prygunov
Lev Prygunov was in Saint, The (1997) with Elisabeth Shue
Yelena Chaika was in Ostrov zabenya (1917) with Viktor Tourjansky
Viktor Tourjansky was in Zagrobnaya skitalitsa (1915) with Olga Baclanova
Olga Baclanova was in Freaks (1932) with Angelo Rossitto
Angelo Rossitto was in Dark, The (1979) with William Devane
Christel Holch was in Hvide Slavehandel, Den (1910/I) with Aage Schmidt
Aage Schmidt was in Begyndte ombord, Det (1937) with Valso Holm
Valso Holm was in Spion 503 (1958) with Max von Sydow
Max von Sydow was in Judge Dredd (1995) with Diane Lane
Diane Lane was in My Dog Skip (2000) with Kevin Bacon
Val Kilmer was in Saint, The (1997) with Elisabeth Shue
Marilyn Monroe was in Niagara (1953) with George Ives
George Ives was in Stir of Echoes (1999) with Kevin Bacon
Jacques Perrin was in Deserto dei tartari, Il (1976) with Vittorio Gassman
Vittorio Gassman was in Sleepers (1996) with Kevin Bacon
William Shatner's bacon number is 2
Denise Richards's bacon number is 1
Kevin Bacon's bacon number is 0
Patrick Stewart's bacon number is 2
Steve Martin's bacon number is 1
Gerard Depardieu's bacon number is 2
Clint Howard's bacon number is 1
Sean Astin's bacon number is 1
Theodore Hesburgh's bacon number is 2
Gerry Becker's bacon number is 1
Henry Fonda's bacon number is 2
Robert Wagner's bacon number is 1
Mark Hamill's bacon number is 2
Bill Paxton's bacon number is 1
Harrison Ford's bacon number is 2
Steve Altes's bacon number is 1
Alec Guinness's bacon number is 2
Theresa Russell's bacon number is 1
Carrie Fisher's bacon number is 2
Elisabeth Shue's bacon number is 1
Sean Connery's bacon number is 2
Peter Crombie's bacon number is 1
Dana Young's bacon number is 3
Bebe Drake's bacon number is 2
William Devane's bacon number is 1
A. Paliakov's bacon number is 4
Nikolai Brilling's bacon number is 3
Kathleen Byron's bacon number is 2
Tom Hanks's bacon number is 1
Zoya Barantsevich's bacon number is 5
Nikolai Panov's bacon number is 4
Zoia Karabanova's bacon number is 3
William Challee's bacon number is 2
P. Biryukov's bacon number is 5
Aleksandr Gromov's bacon number is 4
Yelena Maksimova's bacon number is 3
Lev Prygunov's bacon number is 2
Yelena Chaika's bacon number is 5
Viktor Tourjansky's bacon number is 4
Olga Baclanova's bacon number is 3
Angelo Rossitto's bacon number is 2
Christel Holch's bacon number is 5
Aage Schmidt's bacon number is 4
Valso Holm's bacon number is 3
Max von Sydow's bacon number is 2
Diane Lane's bacon number is 1
Val Kilmer's bacon number is 2
Marilyn Monroe's bacon number is 2
George Ives's bacon number is 1
Jacques Perrin's bacon number is 2
Vittorio Gassman's bacon number is 1
