William Shatner has a Bacon number of 2
Denise Richards has a Bacon number of 1
Kevin Bacon has a Bacon number of 0
Patrick Stewart has a Bacon number of 2
Steve Martin has a Bacon number of 1
Gerard Depardieu has a Bacon number of 2
Clint Howard has a Bacon number of 1
Sean Astin has a Bacon number of 1
Theodore Hesburgh has a Bacon number of 2
Gerry Becker has a Bacon number of 1
Henry Fonda has a Bacon number of 2
Robert Wagner has a Bacon number of 1
Mark Hamill has a Bacon number of 2
Bill Paxton has a Bacon number of 1
Harrison Ford has a Bacon number of 2
Steve Altes has a Bacon number of 1
Alec Guinness has a Bacon number of 2
Theresa Russell has a Bacon number of 1
Carrie Fisher has a Bacon number of 2
Elisabeth Shue has a Bacon number of 1
Sean Connery has a Bacon number of 2
Peter Crombie has a Bacon number of 1
Dana Young has a Bacon number of 3
Bebe Drake has a Bacon number of 2
William Devane has a Bacon number of 1
A. Paliakov has a Bacon number of 4
Nikolai Brilling has a Bacon number of 3
Kathleen Byron has a Bacon number of 2
Tom Hanks has a Bacon number of 1
Zoya Barantsevich has a Bacon number of 5
Nikolai Panov has a Bacon number of 4
Zoia Karabanova has a Bacon number of 3
William Challee has a Bacon number of 2
P. Biryukov has a Bacon number of 5
Aleksandr Gromov has a Bacon number of 4
Yelena Maksimova has a Bacon number of 3
Lev Prygunov has a Bacon number of 2
Yelena Chaika has a Bacon number of 5
Viktor Tourjansky has a Bacon number of 4
Olga Baclanova has a Bacon number of 3
Angelo Rossitto has a Bacon number of 2
Christel Holch has a Bacon number of 5
Aage Schmidt has a Bacon number of 4
Valso Holm has a Bacon number of 3
Max von Sydow has a Bacon number of 2
Diane Lane has a Bacon number of 1
Val Kilmer has a Bacon number of 2
Marilyn Monroe has a Bacon number of 2
George Ives has a Bacon number of 1
Jacques Perrin has a Bacon number of 2
Vittorio Gassman has a Bacon number of 1
