0	13	28	61	10	15	18	47	
29	36	11	14	27	46	9	16	
12	1	62	37	60	17	48	19	
35	30	59	54	49	26	45	8	
2	55	34	63	38	53	20	25	
31	58	39	52	23	50	7	44	
40	3	56	33	42	5	24	21	
57	32	41	4	51	22	43	6	
