The graph miles(100,0,0,0,0,10,0) has 405 edges,
  and its minimum spanning tree has length 14467.
