tick 20
tick 19
tick 18
tick 17
tick 16
tick 15
tick 14
tick 13
tick 12
tick 11
(node) warning: Recursive process.nextTick detected. This will break in the next version of node. Please use setImmediate for recursive deferral.
tick 10
tick 9
tick 8
tick 7
tick 6
tick 5
tick 4
tick 3
tick 2
tick 1
(node) warning: Recursive process.nextTick detected. This will break in the next version of node. Please use setImmediate for recursive deferral.
tick 0
