before

*test*message*throw_in_line_with_tabs.js:32
	throw ({ foo: 'bar' });
	^
[object Object]
